// Jest Snapshot v1, https://goo.gl/fbAQLP

exports[`Pruebas del <GifExpertApp/> debe hacer match con el snapshot 1`] = `
<div>
  <h1>
    Gif Expert App
  </h1>
  <form
    aria-label="main-form"
  >
    <input
      placeholder="Buscar gifs"
      type="text"
      value=""
    />
  </form>
  <h3>
    Dragon Ball
  </h3>
  <h2>
    Cargando...
  </h2>
  <div
    class="card-grid"
  />
</div>
`;
